Microchip MPLAB XC8 Compiler V1.45 ()

Linker command line:

--edf=D:\оʥ\HCIDE_V3.0.17.8S\picc_compiler\dat\en_msgs.txt \
  --msgdisable=1262,1487,1396:off -cs -h+DLB-minicool-SW-V01.sym \
  --cmf=DLB-minicool-SW-V01.cmf -z -Q18m121b1 \
  -oC:\Users\DIY\AppData\Local\Temp\ssrc.2 -MDLB-minicool-SW-V01.map -E1 \
  -ver=XC8 -ASTACK=0CAh-0dfh -pstack=STACK -ACODE=04h-07FFh \
  -ASTRCODE=04h-07FFh -ASTRING=04h-0FFh,0100h-01FFhx7 \
  -ACONST=04h-0FFh,0100h-01FFhx7 -AENTRY=04h-0FFh,0100h-01FFhx7 \
  -ACOMMON=03Eh-03Fh -ABANK0=010h-03Dh -ABANK1=090h-0DFh \
  -ARAM=010h-03Dh,090h-0DFh -AABS1=010h-03Fh,090h-0DFh -ASFR0=00h-0Fh \
  -ASFR1=080h-08Fh -preset_vec=04h,intentry=08h,init,end_init \
  -ppowerup=CODE -pcinit=CODE -pfunctab=ENTRY -ACONFIG=02007h-02007h \
  -pconfig=CONFIG -DCONFIG=2 -AIDLOC=02000h-02003h -pidloc=IDLOC -DIDLOC=2 \
  -DCODE=2 -DSTRCODE=2 -DSTRING=2 -DCONST=2 -DENTRY=2 -k startup.obj \
  inital.obj 

Object code version is 3.11

Machine type is 18m121b1



                Name                               Link     Load   Length Selector   Space Scale
startup.obj     end_init                             17       17        1       10       0
                reset_vec                             4        4        1        8       0
inital.obj      cinit                                18       18        2       10       0
                intentry                              8        8        F       10       0
                text25                              777      777       14       10       0
                swtext1                             7F0      7F0        A      FE0       0
                text24                              1A1      1A1      165       10       0
                text23                              572      572       41       10       0
                text22                              6D4      6D4       23       10       0
                text21                              6F7      6F7       21       10       0
                text20                              79C      79C       10       10       0
                text19                              6A8      6A8       2C       10       0
                text18                              5B3      5B3       35       10       0
                text17                              3E0      3E0       D7       10       0
                text16                              763      763       14       10       0
                text15                              7E3      7E3        D      FAC       0
                text14                              74C      74C       17       10       0
                text13                              67B      67B       2D       10       0
                text12                               1A       1A      187       10       0
                text11                              61A      61A       31       10       0
                text10                              306      306       DA       10       0
                text9                               732      732       1A       10       0
                text8                               718      718       1A       10       0
                text7                               7D6      7D6        D      FAC       0
                text6                               7BB      7BB        E       10       0
                text5                               64B      64B       30       10       0
                text4                               4B7      4B7       72       10       0
                text3                               7AC      7AC        F       10       0
                text2                               529      529       49       10       0
                text1                               78B      78B       11       10       0
                maintext                            5E8      5E8       32       10       0
                cstackBANK0                          29       29        C       10       1
                cstackBANK1                          BC       BC        C       90       1
                dataBANK1                            C8       C8        2       90       1
                bssBANK1                             90       90       2C       90       1
                bssBANK0                             10       10       19       10       1
                bitbssBANK0                         1A8       35        7       10       1     8
                strings                             7C9      7C9        D      F92       0
                idataBANK1                          7FA      7FA        2      FF4       0

TOTAL           Name                               Link     Load   Length     Space
        CLASS   STACK          

        CLASS   CODE           
                end_init                             17       17        1         0
                cinit                                18       18        2         0
                intentry                              8        8        F         0
                reset_vec                             4        4        1         0
                text25                              777      777       14         0
                text24                              1A1      1A1      165         0
                text23                              572      572       41         0
                text22                              6D4      6D4       23         0
                text21                              6F7      6F7       21         0
                text20                              79C      79C       10         0
                text19                              6A8      6A8       2C         0
                text18                              5B3      5B3       35         0
                text17                              3E0      3E0       D7         0
                text16                              763      763       14         0
                text15                              7E3      7E3        D         0
                text14                              74C      74C       17         0
                text13                              67B      67B       2D         0
                text12                               1A       1A      187         0
                text11                              61A      61A       31         0
                text10                              306      306       DA         0
                text9                               732      732       1A         0
                text8                               718      718       1A         0
                text7                               7D6      7D6        D         0
                text6                               7BB      7BB        E         0
                text5                               64B      64B       30         0
                text4                               4B7      4B7       72         0
                text3                               7AC      7AC        F         0
                text2                               529      529       49         0
                text1                               78B      78B       11         0
                maintext                            5E8      5E8       32         0
                idataBANK1                          7FA      7FA        2         0

        CLASS   STRCODE        

        CLASS   STRING         
                strings                             7C9      7C9        D         0

        CLASS   CONST          
                swtext1                             7F0      7F0        A         0

        CLASS   ENTRY          

        CLASS   COMMON         

        CLASS   BANK0          
                cstackBANK0                          29       29        C         1
                bssBANK0                             10       10       19         1
                bitbssBANK0                         1A8       35        7         1

        CLASS   BANK1          
                cstackBANK1                          BC       BC        C         1
                dataBANK1                            C8       C8        2         1
                bssBANK1                             90       90       2C         1

        CLASS   RAM            

        CLASS   ABS1           
                abs_s1                               3E       3E        6         1
                abs_s1                               45       45       17         1
                abs_s1                              200      200        0         1
                abs_s1                              201      201        0         1
                abs_s1                              208      208        0         1
                abs_s1                              209      209        0         1
                abs_s1                              20A      20A        0         1
                abs_s1                              20B      20B        0         1
                abs_s1                              20C      20C        0         1
                abs_s1                              20D      20D        0         1
                abs_s1                              20E      20E        0         1
                abs_s1                              20F      20F        0         1
                abs_s1                              210      210        0         1
                abs_s1                              211      211        0         1
                abs_s1                              212      212        0         1
                abs_s1                              213      213        0         1
                abs_s1                              214      214        0         1
                abs_s1                              215      215        0         1
                abs_s1                              216      216        0         1
                abs_s1                              217      217        0         1
                abs_s1                              218      218        0         1
                abs_s1                              219      219        0         1
                abs_s1                              21A      21A        0         1
                abs_s1                              21B      21B        0         1
                abs_s1                              21C      21C        0         1
                abs_s1                              21D      21D        0         1
                abs_s1                              21E      21E        0         1
                abs_s1                              21F      21F        0         1
                abs_s1                              228      228        0         1
                abs_s1                              229      229        0         1
                abs_s1                              22A      22A        0         1
                abs_s1                              22B      22B        0         1
                abs_s1                              22C      22C        0         1
                abs_s1                              22D      22D        0         1
                abs_s1                              22E      22E        0         1
                abs_s1                              22F      22F        0         1
                abs_s1                              230      230        0         1
                abs_s1                              231      231        0         1
                abs_s1                              232      232        0         1
                abs_s1                              233      233        0         1
                abs_s1                              234      234        0         1
                abs_s1                              235      235        0         1
                abs_s1                              236      236        0         1
                abs_s1                              237      237        0         1
                abs_s1                              258      258        0         1
                abs_s1                              259      259        0         1
                abs_s1                              25A      25A        0         1
                abs_s1                              25B      25B        0         1
                abs_s1                              25C      25C        0         1
                abs_s1                              25D      25D        0         1
                abs_s1                              25E      25E        0         1
                abs_s1                              25F      25F        0         1
                abs_s1                              260      260        0         1
                abs_s1                              261      261        0         1
                abs_s1                              262      262        0         1
                abs_s1                              263      263        0         1
                abs_s1                              264      264        0         1
                abs_s1                              265      265        0         1
                abs_s1                              266      266        0         1
                abs_s1                              267      267        0         1
                abs_s1                              280      280        0         1
                abs_s1                              281      281        0         1
                abs_s1                              282      282        0         1
                abs_s1                              283      283        0         1
                abs_s1                              284      284        0         1
                abs_s1                              285      285        0         1
                abs_s1                              286      286        0         1
                abs_s1                              287      287        0         1
                abs_s1                              288      288        0         1
                abs_s1                              289      289        0         1
                abs_s1                              28A      28A        0         1
                abs_s1                              28B      28B        0         1
                abs_s1                              28C      28C        0         1
                abs_s1                              28D      28D        0         1
                abs_s1                              28E      28E        0         1
                abs_s1                              28F      28F        0         1
                abs_s1                              2A8      2A8        0         1
                abs_s1                              2B0      2B0        0         1
                abs_s1                              2B1      2B1        0         1
                abs_s1                              2B2      2B2        0         1
                abs_s1                              2B3      2B3        0         1
                abs_s1                              2B4      2B4        0         1
                abs_s1                              2B5      2B5        0         1
                abs_s1                              2B6      2B6        0         1
                abs_s1                              2B7      2B7        0         1
                abs_s1                              2B8      2B8        0         1
                abs_s1                              2B9      2B9        0         1
                abs_s1                              2BA      2BA        0         1
                abs_s1                              2BB      2BB        0         1
                abs_s1                              2BE      2BE        0         1
                abs_s1                              2BF      2BF        0         1
                abs_s1                              2D0      2D0        0         1
                abs_s1                              2D1      2D1        0         1
                abs_s1                              2D2      2D2        0         1
                abs_s1                              2D3      2D3        0         1
                abs_s1                              2D4      2D4        0         1
                abs_s1                              2D5      2D5        0         1
                abs_s1                              2D8      2D8        0         1
                abs_s1                              2D9      2D9        0         1
                abs_s1                              2DA      2DA        0         1
                abs_s1                              2DB      2DB        0         1
                abs_s1                              2DC      2DC        0         1
                abs_s1                              2DD      2DD        0         1
                abs_s1                              2DE      2DE        0         1

        CLASS   SFR0           

        CLASS   SFR1           

        CLASS   CONFIG         

        CLASS   IDLOC          

        CLASS   EEDATA         



SEGMENTS        Name                           Load    Length   Top    Selector   Space  Class     Delta

                reset_vec                      000004  000001  000005         8       0  CODE        2
                intentry                       000008  0007C1  0007C9        10       0  CODE        2
                bssBANK0                       000010  000026  000036        10       1  BANK0       1
                bssBANK1                       000090  00003A  0000CA        90       1  BANK1       1
                strings                        0007C9  00000D  0007D6       F92       0  STRING      2
                text7                          0007D6  00001A  0007F0       FAC       0  CODE        2
                swtext1                        0007F0  00000A  0007FA       FE0       0  CONST       2
                idataBANK1                     0007FA  000002  0007FC       FF4       0  CODE        2


UNUSED ADDRESS RANGES

        Name                Unused          Largest block    Delta
        BANK0            036-03D             8           1
        BANK1            0CA-0DF            16           1
        CODE             005-007             3           2
                         7FC-7FF             4
        CONFIG           2007-2007             1           2
        CONST            005-007             3           2
                         7FC-7FF             4
        ENTRY            005-007             3           2
                         7FC-7FF             4
        IDLOC            2000-2003             4           2
        RAM              036-03D             8           1
                         0CA-0DF            16
        SFR0             000-00F            10           1
        SFR1             080-08F            10           1
        STACK            0CA-0DF            16           1
        STRCODE          005-007             3           2
                         7FC-7FF             4
        STRING           005-007             3           2
                         7FC-7FF             4

                                  Symbol Table

?_adc_read_vdd                  cstackBANK0  031
Battery_Update@adc_val          cstackBANK0  033
Battery_Update@loop_max         bssBANK1     092
Battery_Update@loop_min         bssBANK1     094
Battery_Update@loop_num         bssBANK1     0AC
Battery_Update@loop_sum         bssBANK1     090
Battery_Update@low_clr_debounce bssBANK1     0AD
Battery_Update@low_debounce     bssBANK1     0AE
Battery_Update@startup_cnt      dataBANK1    0C8
Comm_Process@rx_ok              cstackBANK1  0BC
Delay_Init@Delay_Duty           cstackBANK0  031
Delay_Init@i                    cstackBANK0  033
Kcomm_ISR@bit_wait_fall         bssBANK1     0A4
Key_Application@cur             cstackBANK1  0C2
Key_Application@edge            cstackBANK1  0C1
Key_Application@off_key_prev    bssBANK1     0A5
Key_Func@key1_time1             bssBANK1     0AB
Key_Func@key1_time2             bssBANK1     0AA
Key_Func@key2_time1             bssBANK1     0A9
Key_Func@key2_time2             bssBANK1     0A8
LedMode_Func@breath_cnt         bssBANK1     0B0
LedMode_Func@breath_dir         dataBANK1    0C9
LedMode_Func@breath_duty        bssBANK0     01B
LedMode_Func@chg_pwm_cnt        bssBANK0     01C
LedMode_Func@disp_level         bssBANK0     01A
LedMode_Func@lv_debounce        bssBANK1     0AF
PL10                            text24       2F8
PL12                            text12       19B
PL14                            text17       4B1
PL16                            text23       5AD
PL18                            text24       300
PL2                             text12       18C
PL4                             text4        520
PL6                             text12       192
PL8                             text17       4A9
SW_Func@sw_time1                bssBANK1     0A7
SW_Func@sw_time2                bssBANK1     0A6
Sleep_Func@Sleep_Time           bssBANK1     096
Timer1_Isr@pwm_cnt              bssBANK1     0A2
Timer1_Isr@timer_ms             bssBANK1     0A3
_ADCON0                         (abs)        05A
_ADCON1                         (abs)        05B
_ADCS0                          (abs)        2DC
_ADCS1                          (abs)        2DD
_ADCS2                          (abs)        2DE
_ADC_Init                       text7        7D6
_ADEN                           (abs)        2D0
_ADIF                           (abs)        07A
_ADON                           (abs)        2D1
_ADREF                          (abs)        2D8
_ADRESH                         (abs)        059
_ADRESL                         (abs)        058
_ANSEL0                         (abs)        2B0
_ANSEL1                         (abs)        2B1
_ANSEL10                        (abs)        2BA
_ANSEL11                        (abs)        2BB
_ANSEL14                        (abs)        2BE
_ANSEL15                        (abs)        2BF
_ANSEL2                         (abs)        2B2
_ANSEL3                         (abs)        2B3
_ANSEL4                         (abs)        2B4
_ANSEL5                         (abs)        2B5
_ANSEL6                         (abs)        2B6
_ANSEL7                         (abs)        2B7
_ANSEL8                         (abs)        2B8
_ANSEL9                         (abs)        2B9
_ANSELH                         (abs)        057
_ANSELL                         (abs)        056
_BOR                            (abs)        25B
_BOREN                          (abs)        25A
_B_KEYHX_Flag                   bitbssBANK0  1AA
_B_LowPower_Flag                bitbssBANK0  1AD
_B_OnOff_Flag                   bitbssBANK0  1AE
_Battery_Update                 text17       3E0
_CHS0                           (abs)        2D2
_CHS1                           (abs)        2D3
_CHS2                           (abs)        2D4
_CHS3                           (abs)        2D5
_Comm_Process                   text21       6F7
_DIY_Flag1                      bssBANK0     023
_Delay_Init                     text20       79C
_FSR                            (abs)        004
_Flag_AllClear                  text19       6A8
_GIE                            (abs)        077
_INDF                           (abs)        000
_INTECON                        (abs)        00E
_INTEDG                         (abs)        20E
_IOCA                           (abs)        007
_IOCB                           (abs)        009
_Kcomm_ISR                      text24       1A1
_Kcomm_ISR$624                  cstackBANK0  02C
_Key_Application                text12       01A
_Key_Application$609            cstackBANK1  0C0
_Key_Func                       text11       61A
_LedMode_Func                   text10       306
_MTP_CLEN                       (abs)        201
_OPTION                         (abs)        041
_PAIE                           (abs)        079
_PAIF                           (abs)        078
_PBIE                           (abs)        071
_PBIF                           (abs)        074
_PDA0                           (abs)        210
_PDA1                           (abs)        211
_PDA2                           (abs)        212
_PDA3                           (abs)        213
_PDA4                           (abs)        214
_PDA5                           (abs)        215
_PDA6                           (abs)        216
_PDA7                           (abs)        217
_PDCON                          (abs)        00B
_PDCON1                         (abs)        042
_PHA0                           (abs)        218
_PHA1                           (abs)        219
_PHA2                           (abs)        21A
_PHA3                           (abs)        21B
_PHA4                           (abs)        21C
_PHA5                           (abs)        21D
_PHA6                           (abs)        21E
_PHA7                           (abs)        21F
_PHCON                          (abs)        00D
_PHCON1                         (abs)        043
_PIR                            (abs)        00F
_PMADRH                         (abs)        048
_PMADRL                         (abs)        047
_PMCON                          (abs)        040
_PMDATH                         (abs)        04A
_PMDATL                         (abs)        049
_POR                            (abs)        25C
_PORTA                          (abs)        005
_PORTA1                         (abs)        029
_PORTA2                         (abs)        02A
_PORTA3                         (abs)        02B
_PORTA4                         (abs)        02C
_PORTA6                         (abs)        02E
_PORTA7                         (abs)        02F
_PORTB                          (abs)        006
_PORTB0                         (abs)        030
_PORTB1                         (abs)        031
_PORTB2                         (abs)        032
_PORTB6                         (abs)        036
_PS0                            (abs)        208
_PS1                            (abs)        209
_PS2                            (abs)        20A
_PSA                            (abs)        20B
_PWM0E                          (abs)        266
_PWM0P                          (abs)        04F
_PWM1E                          (abs)        286
_PWM1P                          (abs)        054
_PWM1_8                         (abs)        288
_PWM1_9                         (abs)        289
_PWMM                           (abs)        2A8
_PWMS0                          (abs)        28E
_PWMS1                          (abs)        28F
_PWMSET                         (abs)        055
_RD_FLAG                        (abs)        200
_SCS                            (abs)        285
_SW_Func                        text9        732
_Sleep_Func                     text4        4B7
_T0                             (abs)        001
_T0CK                           (abs)        25F
_T0CS                           (abs)        20D
_T0IE                           (abs)        070
_T0IF                           (abs)        073
_T0OSCEN                        (abs)        265
_T0SE                           (abs)        20C
_T1                             (abs)        04D
_T1CK0                          (abs)        263
_T1CK1                          (abs)        264
_T1CON                          (abs)        04C
_T1CR_AUXR                      (abs)        04B
_T1EN                           (abs)        267
_T1IE                           (abs)        259
_T1IF                           (abs)        258
_T1LOAD                         (abs)        04E
_T1PR0                          (abs)        260
_T1PR1                          (abs)        261
_T1PR2                          (abs)        262
_T1_PWM_inital                  text3        7AC
_T2                             (abs)        052
_T2CK0                          (abs)        283
_T2CK1                          (abs)        284
_T2CON                          (abs)        050
_T2EN                           (abs)        287
_T2IE                           (abs)        25E
_T2IF                           (abs)        25D
_T2LOAD                         (abs)        053
_T2LOAD_8                       (abs)        28A
_T2LOAD_9                       (abs)        28B
_T2PR0                          (abs)        280
_T2PR1                          (abs)        281
_T2PR2                          (abs)        282
_TIMER2_8                       (abs)        28C
_TIMER2_9                       (abs)        28D
_TMR2H                          (abs)        051
_TRISA                          (abs)        045
_TRISA0                         (abs)        228
_TRISA1                         (abs)        229
_TRISA2                         (abs)        22A
_TRISA3                         (abs)        22B
_TRISA4                         (abs)        22C
_TRISA5                         (abs)        22D
_TRISA6                         (abs)        22E
_TRISA7                         (abs)        22F
_TRISB                          (abs)        046
_TRISB0                         (abs)        230
_TRISB1                         (abs)        231
_TRISB2                         (abs)        232
_TRISB3                         (abs)        233
_TRISB4                         (abs)        234
_TRISB5                         (abs)        235
_TRISB6                         (abs)        236
_TRISB7                         (abs)        237
_Timer1_Isr                     text23       572
_VHS0                           (abs)        2D9
_VHS1                           (abs)        2DA
_VHS2                           (abs)        2DB
_WDTEN                          (abs)        20F
__Habs1                         abs1         000
__Hbank0                        bank0        000
__Hbank1                        bank1        000
__HbitbssBANK0                  bitbssBANK0  000
__HbssBANK0                     bssBANK0     000
__HbssBANK1                     bssBANK1     000
__Hcinit                        cinit        01A
__Hclrtext                      clrtext      000
__Hcode                         code         000
__Hcommon                       common       000
__Hconfig                       config       000
__HcstackBANK0                  cstackBANK0  000
__HcstackBANK1                  cstackBANK1  000
__HcstackCOMMON                 cstackCOMMON 000
__HdataBANK1                    dataBANK1    000
__Heeprom_data                  eeprom_data  000
__Hend_init                     end_init     018
__Hfunctab                      functab      000
__HidataBANK1                   idataBANK1   000
__Hidloc                        idloc        000
__Hinit                         init         017
__Hintentry                     intentry     017
__Hmaintext                     maintext     000
__Hpa_nodes0                    pa_nodes0    000
__Hpowerup                      powerup      000
__Hram                          ram          000
__Hreset_vec                    reset_vec    005
__Hsfr0                         sfr0         000
__Hsfr1                         sfr1         000
__Hspace_0                      (abs)        7FC
__Hspace_1                      (abs)        1AF
__Hspace_2                      (abs)        000
__Hspace_3                      (abs)        000
__Hstack                        stack        000
__Hstrings                      strings      000
__Htext                         text         000
__Labs1                         abs1         000
__Lbank0                        bank0        000
__Lbank1                        bank1        000
__LbitbssBANK0                  bitbssBANK0  000
__LbssBANK0                     bssBANK0     000
__LbssBANK1                     bssBANK1     000
__Lcinit                        cinit        018
__Lclrtext                      clrtext      000
__Lcode                         code         000
__Lcommon                       common       000
__Lconfig                       config       000
__LcstackBANK0                  cstackBANK0  000
__LcstackBANK1                  cstackBANK1  000
__LcstackCOMMON                 cstackCOMMON 000
__LdataBANK1                    dataBANK1    000
__Leeprom_data                  eeprom_data  000
__Lend_init                     end_init     017
__Lfunctab                      functab      000
__LidataBANK1                   idataBANK1   000
__Lidloc                        idloc        000
__Linit                         init         017
__Lintentry                     intentry     008
__Lmaintext                     maintext     000
__Lpa_nodes0                    pa_nodes0    000
__Lpowerup                      powerup      000
__Lram                          ram          000
__Lreset_vec                    reset_vec    004
__Lsfr0                         sfr0         000
__Lsfr1                         sfr1         000
__Lspace_0                      (abs)        000
__Lspace_1                      (abs)        000
__Lspace_2                      (abs)        000
__Lspace_3                      (abs)        000
__Lstack                        stack        000
__Lstrings                      strings      000
__Ltext                         text         000
__S0                            (abs)        7FC
__S1                            (abs)        0CA
__S2                            (abs)        000
___int_sp                       stack        000
___latbits                      (abs)        000
___sp                           stack        000
__end_ofPL10                    text24       300
__end_ofPL12                    text12       1A1
__end_ofPL14                    text17       4B7
__end_ofPL16                    text23       5B3
__end_ofPL18                    text24       306
__end_ofPL2                     text12       192
__end_ofPL4                     text4        529
__end_ofPL6                     text12       19B
__end_ofPL8                     text17       4B1
__end_of_ADC_Init               text7        7E3
__end_of_Battery_Update         text17       4A9
__end_of_Comm_Process           text21       718
__end_of_Delay_Init             text20       7AC
__end_of_Flag_AllClear          text19       6D4
__end_of_Kcomm_ISR              text24       2F8
__end_of_Key_Application        text12       18C
__end_of_Key_Func               text11       64B
__end_of_LedMode_Func           text10       3E0
__end_of_SW_Func                text9        74C
__end_of_Sleep_Func             text4        520
__end_of_T1_PWM_inital          text3        7BB
__end_of_Timer1_Isr             text23       5AD
__end_of__initialization        cinit        018
__end_of__stringtab             strings      7CF
__end_of_adc_read_vdd           text18       5E8
__end_of_c_fan_duty             strings      7D6
__end_of_comm_pack_tx           text25       78B
__end_of_comm_parse_rx          text22       6F7
__end_of_delay_us               text8        732
__end_of_fan_ramp_proc          text2        572
__end_of_inital                 text6        7C9
__end_of_main                   maintext     61A
__end_of_ramInitial             text1        79C
__end_of_set_fan                text16       777
__end_of_show_gear_led          text14       763
__end_of_sysinitial             text5        67B
__end_of_trigger_warn           text15       7F0
__end_of_warn_flash_proc        text13       6A8
__initialization                cinit        018
__pbitbssBANK0                  bitbssBANK0  1A8
__pbssBANK0                     bssBANK0     010
__pbssBANK1                     bssBANK1     090
__pcstackBANK0                  cstackBANK0  029
__pcstackBANK1                  cstackBANK1  0BC
__pcstackCOMMON                 cstackCOMMON 000
__pdataBANK1                    dataBANK1    0C8
__pidataBANK1                   idataBANK1   7FA
__pintentry                     intentry     008
__pmaintext                     maintext     5E8
__pstrings                      strings      7C9
__pswtext1                      swtext1      7F0
__ptext1                        text1        78B
__ptext10                       text10       306
__ptext11                       text11       61A
__ptext12                       text12       01A
__ptext13                       text13       67B
__ptext14                       text14       74C
__ptext15                       text15       7E3
__ptext16                       text16       763
__ptext17                       text17       3E0
__ptext18                       text18       5B3
__ptext19                       text19       6A8
__ptext2                        text2        529
__ptext20                       text20       79C
__ptext21                       text21       6F7
__ptext22                       text22       6D4
__ptext23                       text23       572
__ptext24                       text24       1A1
__ptext25                       text25       777
__ptext3                        text3        7AC
__ptext4                        text4        4B7
__ptext5                        text5        64B
__ptext6                        text6        7BB
__ptext7                        text7        7D6
__ptext8                        text8        718
__ptext9                        text9        732
__size_of_ADC_Init              (abs)        000
__size_of_Battery_Update        (abs)        000
__size_of_Comm_Process          (abs)        000
__size_of_Delay_Init            (abs)        000
__size_of_Flag_AllClear         (abs)        000
__size_of_Kcomm_ISR             (abs)        000
__size_of_Key_Application       (abs)        000
__size_of_Key_Func              (abs)        000
__size_of_LedMode_Func          (abs)        000
__size_of_SW_Func               (abs)        000
__size_of_Sleep_Func            (abs)        000
__size_of_T1_PWM_inital         (abs)        000
__size_of_Timer1_Isr            (abs)        000
__size_of_adc_read_vdd          (abs)        000
__size_of_comm_pack_tx          (abs)        000
__size_of_comm_parse_rx         (abs)        000
__size_of_delay_us              (abs)        000
__size_of_fan_ramp_proc         (abs)        000
__size_of_inital                (abs)        000
__size_of_main                  (abs)        000
__size_of_ramInitial            (abs)        000
__size_of_set_fan               (abs)        000
__size_of_show_gear_led         (abs)        000
__size_of_sysinitial            (abs)        000
__size_of_trigger_warn          (abs)        000
__size_of_warn_flash_proc       (abs)        000
__stringbase                    strings      7CE
__stringtab                     strings      7C9
_adc_read_vdd                   text18       5B3
_adcon1_val                     bssBANK0     024
_c_fan_duty                     strings      7CF
_comm_pack_tx                   text25       777
_comm_parse_rx                  text22       6D4
_delay_us                       text8        718
_fan_ramp_proc                  text2        529
_g_battery_empty                bssBANK0     021
_g_current_pwm                  bssBANK0     012
_g_gear                         bssBANK0     022
_g_k1_hold_ms                   bssBANK0     016
_g_k1_prev                      bssBANK0     01E
_g_k2_hold_ms                   bssBANK0     014
_g_k2_prev                      bssBANK1     0B3
_g_offshow_flag                 bitbssBANK0  1A8
_g_offshow_ms                   bssBANK1     09A
_g_overclock_pwm                bssBANK1     0B1
_g_pwr_delay_ms                 bssBANK1     09C
_g_slave_alive_ms               bssBANK1     098
_g_slave_chargefull             bitbssBANK0  1AB
_g_slave_charging               bitbssBANK0  1AC
_g_target_pwm                   bssBANK1     0B4
_g_vdd_adc                      bssBANK0     010
_g_warn_blink                   bitbssBANK0  1A9
_g_warn_cnt                     bssBANK1     0B2
_g_warn_flash                   bssBANK0     020
_g_warn_led                     bssBANK0     01F
_inital                         text6        7BB
_kcomm_bit_idx                  bssBANK0     027
_kcomm_cycle                    bssBANK1     0B7
_kcomm_low_cnt                  bssBANK1     0A0
_kcomm_rx_buf                   bssBANK1     0B9
_kcomm_rx_done                  bssBANK0     026
_kcomm_rx_shift                 bssBANK1     0B6
_kcomm_state                    bssBANK0     028
_kcomm_timer                    bssBANK0     018
_kcomm_turn                     bssBANK1     0B8
_kcomm_tx_buf                   bssBANK1     0BB
_kcomm_tx_done                  bssBANK1     0B5
_kcomm_tx_shift                 bssBANK1     0BA
_kcomm_wakeup                   bssBANK0     025
_kcomm_wakeup_cnt               bssBANK1     09E
_level                          bssBANK0     01D
_main                           maintext     5E8
_ramInitial                     text1        78B
_set_fan                        text16       763
_show_gear_led                  text14       74C
_sysinitial                     text5        64B
_sysinitial$240                 cstackBANK1  0BC
_sysinitial$241                 cstackBANK1  0BE
_sysinitial$242                 cstackBANK1  0C0
_sysinitial$243                 cstackBANK1  0C2
_sysinitial$244                 cstackBANK1  0C4
_sysinitial$245                 cstackBANK1  0C6
_trigger_warn                   text15       7E3
_warn_flash_proc                text13       67B
adc_read_vdd@ad_delay           cstackBANK1  0BC
adc_read_vdd@result             cstackBANK1  0BE
btemp                           (abs)        03E
comm_pack_tx@hi                 cstackBANK0  029
comm_pack_tx@lo                 cstackBANK0  02B
comm_pack_tx@result             cstackBANK0  02A
comm_parse_rx@check             cstackBANK0  031
comm_parse_rx@hi                cstackBANK0  032
comm_parse_rx@lo                cstackBANK0  034
comm_parse_rx@raw               cstackBANK0  033
delay_us@i                      cstackBANK0  033
delay_us@us                     cstackBANK0  031
end_of_initialization           cinit        018
fan_ramp_proc@target_fixed      cstackBANK0  033
interrupt_function              intentry     008
intlevel0                       functab      000
intlevel1                       functab      000
intlevel2                       functab      000
intlevel3                       functab      000
intlevel4                       functab      000
intlevel5                       functab      000
reset_vec                       reset_vec    004
saved_w                         (abs)        03E
set_fan@gear                    cstackBANK0  031
show_gear_led@gear              cstackBANK0  031
stackhi                         (abs)        000
stacklo                         (abs)        000
start                           init         017
start_initialization            cinit        018
trigger_warn@led_num            cstackBANK0  031
wtemp0                          (abs)        03E
