Microchip MPLAB XC8 Compiler V1.45 ()

Linker command line:

--edf=D:\оʥ\HCIDE_V3.0.17.8S\picc_compiler\dat\en_msgs.txt \
  --msgdisable=1262,1487,1396:off -cs -h+DLB-minicool-SW-V01.sym \
  --cmf=DLB-minicool-SW-V01.cmf -z -Q18m121b1 \
  -oC:\Users\DIY\AppData\Local\Temp\sg38.2 -MDLB-minicool-SW-V01.map -E1 \
  -ver=XC8 -ASTACK=0C9h-0dfh -pstack=STACK -ACODE=04h-07FFh \
  -ASTRCODE=04h-07FFh -ASTRING=04h-0FFh,0100h-01FFhx7 \
  -ACONST=04h-0FFh,0100h-01FFhx7 -AENTRY=04h-0FFh,0100h-01FFhx7 \
  -ACOMMON=03Eh-03Fh -ABANK0=010h-03Dh -ABANK1=090h-0DFh \
  -ARAM=010h-03Dh,090h-0DFh -AABS1=010h-03Fh,090h-0DFh -ASFR0=00h-0Fh \
  -ASFR1=080h-08Fh -preset_vec=04h,intentry=08h,init,end_init \
  -ppowerup=CODE -pcinit=CODE -pfunctab=ENTRY -ACONFIG=02007h-02007h \
  -pconfig=CONFIG -DCONFIG=2 -AIDLOC=02000h-02003h -pidloc=IDLOC -DIDLOC=2 \
  -DCODE=2 -DSTRCODE=2 -DSTRING=2 -DCONST=2 -DENTRY=2 -k startup.obj \
  inital.obj 

Object code version is 3.11

Machine type is 18m121b1



                Name                               Link     Load   Length Selector   Space Scale
startup.obj     end_init                             15       15        1       10       0
                reset_vec                             4        4        1        8       0
inital.obj      cinit                                16       16        2       10       0
                intentry                              8        8        D       10       0
                text27                              780      780       12       10       0
                text26                               18       18      174       10       0
                text25                              572      572       3F       10       0
                text24                              709      709       1B       10       0
                text23                              6C6      6C6       22       10       0
                text22                              7A3      7A3       10       10       0
                text21                              677      677       2A       10       0
                text20                              73E      73E       19       10       0
                text19                              4BD      4BD       65       10       0
                text18                              6E8      6E8       21       10       0
                text17                              2DC      2DC       B8       10       0
                text16                              76D      76D       13       10       0
                text15                              7EA      7EA        C      FBA       0
                text14                              757      757       16       10       0
                text13                              649      649       2E       10       0
                text12                              18C      18C      150       10       0
                text11                              5E8      5E8       31       10       0
                text10                              394      394       B7       10       0
                text9                               6A1      6A1       25       10       0
                text8                               724      724       1A       10       0
                text7                               7DD      7DD        D      FBA       0
                text6                               7C2      7C2        E       10       0
                text5                               619      619       30       10       0
                text4                               44B      44B       72       10       0
                text3                               7B3      7B3        F       10       0
                text2                               522      522       50       10       0
                text1                               792      792       11       10       0
                maintext                            5B1      5B1       37       10       0
                cstackBANK0                          28       28        D       10       1
                cstackBANK1                          BC       BC        C       90       1
                dataBANK1                            C8       C8        1       90       1
                bssBANK1                             90       90       2C       90       1
                dataBANK0                            35       35        2       10       1
                bssBANK0                             10       10       18       10       1
                strings                             7D0      7D0        D      FA0       0
                idataBANK1                          7F8      7F8        1      FBA       0
                idataBANK0                          7F6      7F6        2      FBA       0

TOTAL           Name                               Link     Load   Length     Space
        CLASS   STACK          

        CLASS   CODE           
                end_init                             15       15        1         0
                cinit                                16       16        2         0
                intentry                              8        8        D         0
                reset_vec                             4        4        1         0
                text27                              780      780       12         0
                text26                               18       18      174         0
                text25                              572      572       3F         0
                text24                              709      709       1B         0
                text23                              6C6      6C6       22         0
                text22                              7A3      7A3       10         0
                text21                              677      677       2A         0
                text20                              73E      73E       19         0
                text19                              4BD      4BD       65         0
                text18                              6E8      6E8       21         0
                text17                              2DC      2DC       B8         0
                text16                              76D      76D       13         0
                text15                              7EA      7EA        C         0
                text14                              757      757       16         0
                text13                              649      649       2E         0
                text12                              18C      18C      150         0
                text11                              5E8      5E8       31         0
                text10                              394      394       B7         0
                text9                               6A1      6A1       25         0
                text8                               724      724       1A         0
                text7                               7DD      7DD        D         0
                text6                               7C2      7C2        E         0
                text5                               619      619       30         0
                text4                               44B      44B       72         0
                text3                               7B3      7B3        F         0
                text2                               522      522       50         0
                text1                               792      792       11         0
                maintext                            5B1      5B1       37         0
                idataBANK1                          7F8      7F8        1         0
                idataBANK0                          7F6      7F6        2         0

        CLASS   STRCODE        

        CLASS   STRING         
                strings                             7D0      7D0        D         0

        CLASS   CONST          

        CLASS   ENTRY          

        CLASS   COMMON         

        CLASS   BANK0          
                cstackBANK0                          28       28        D         1
                dataBANK0                            35       35        2         1
                bssBANK0                             10       10       18         1

        CLASS   BANK1          
                cstackBANK1                          BC       BC        C         1
                dataBANK1                            C8       C8        1         1
                bssBANK1                             90       90       2C         1

        CLASS   RAM            

        CLASS   ABS1           
                abs_s1                               3E       3E        6         1
                abs_s1                               45       45       17         1
                abs_s1                              200      200        0         1
                abs_s1                              201      201        0         1
                abs_s1                              208      208        0         1
                abs_s1                              209      209        0         1
                abs_s1                              20A      20A        0         1
                abs_s1                              20B      20B        0         1
                abs_s1                              20C      20C        0         1
                abs_s1                              20D      20D        0         1
                abs_s1                              20E      20E        0         1
                abs_s1                              20F      20F        0         1
                abs_s1                              210      210        0         1
                abs_s1                              211      211        0         1
                abs_s1                              212      212        0         1
                abs_s1                              213      213        0         1
                abs_s1                              214      214        0         1
                abs_s1                              215      215        0         1
                abs_s1                              216      216        0         1
                abs_s1                              217      217        0         1
                abs_s1                              218      218        0         1
                abs_s1                              219      219        0         1
                abs_s1                              21A      21A        0         1
                abs_s1                              21B      21B        0         1
                abs_s1                              21C      21C        0         1
                abs_s1                              21D      21D        0         1
                abs_s1                              21E      21E        0         1
                abs_s1                              21F      21F        0         1
                abs_s1                              228      228        0         1
                abs_s1                              229      229        0         1
                abs_s1                              22A      22A        0         1
                abs_s1                              22B      22B        0         1
                abs_s1                              22C      22C        0         1
                abs_s1                              22D      22D        0         1
                abs_s1                              22E      22E        0         1
                abs_s1                              22F      22F        0         1
                abs_s1                              230      230        0         1
                abs_s1                              231      231        0         1
                abs_s1                              232      232        0         1
                abs_s1                              233      233        0         1
                abs_s1                              234      234        0         1
                abs_s1                              235      235        0         1
                abs_s1                              236      236        0         1
                abs_s1                              237      237        0         1
                abs_s1                              258      258        0         1
                abs_s1                              259      259        0         1
                abs_s1                              25A      25A        0         1
                abs_s1                              25B      25B        0         1
                abs_s1                              25C      25C        0         1
                abs_s1                              25D      25D        0         1
                abs_s1                              25E      25E        0         1
                abs_s1                              25F      25F        0         1
                abs_s1                              260      260        0         1
                abs_s1                              261      261        0         1
                abs_s1                              262      262        0         1
                abs_s1                              263      263        0         1
                abs_s1                              264      264        0         1
                abs_s1                              265      265        0         1
                abs_s1                              266      266        0         1
                abs_s1                              267      267        0         1
                abs_s1                              280      280        0         1
                abs_s1                              281      281        0         1
                abs_s1                              282      282        0         1
                abs_s1                              283      283        0         1
                abs_s1                              284      284        0         1
                abs_s1                              285      285        0         1
                abs_s1                              286      286        0         1
                abs_s1                              287      287        0         1
                abs_s1                              288      288        0         1
                abs_s1                              289      289        0         1
                abs_s1                              28A      28A        0         1
                abs_s1                              28B      28B        0         1
                abs_s1                              28C      28C        0         1
                abs_s1                              28D      28D        0         1
                abs_s1                              28E      28E        0         1
                abs_s1                              28F      28F        0         1
                abs_s1                              2A8      2A8        0         1
                abs_s1                              2B0      2B0        0         1
                abs_s1                              2B1      2B1        0         1
                abs_s1                              2B2      2B2        0         1
                abs_s1                              2B3      2B3        0         1
                abs_s1                              2B4      2B4        0         1
                abs_s1                              2B5      2B5        0         1
                abs_s1                              2B6      2B6        0         1
                abs_s1                              2B7      2B7        0         1
                abs_s1                              2B8      2B8        0         1
                abs_s1                              2B9      2B9        0         1
                abs_s1                              2BA      2BA        0         1
                abs_s1                              2BB      2BB        0         1
                abs_s1                              2BE      2BE        0         1
                abs_s1                              2BF      2BF        0         1
                abs_s1                              2D0      2D0        0         1
                abs_s1                              2D1      2D1        0         1
                abs_s1                              2D2      2D2        0         1
                abs_s1                              2D3      2D3        0         1
                abs_s1                              2D4      2D4        0         1
                abs_s1                              2D5      2D5        0         1
                abs_s1                              2D8      2D8        0         1
                abs_s1                              2D9      2D9        0         1
                abs_s1                              2DA      2DA        0         1
                abs_s1                              2DB      2DB        0         1
                abs_s1                              2DC      2DC        0         1
                abs_s1                              2DD      2DD        0         1
                abs_s1                              2DE      2DE        0         1

        CLASS   SFR0           

        CLASS   SFR1           

        CLASS   CONFIG         

        CLASS   IDLOC          

        CLASS   EEDATA         



SEGMENTS        Name                           Load    Length   Top    Selector   Space  Class     Delta

                reset_vec                      000004  000001  000005         8       0  CODE        2
                intentry                       000008  0007C8  0007D0        10       0  CODE        2
                bssBANK0                       000010  000027  000037        10       1  BANK0       1
                bssBANK1                       000090  000039  0000C9        90       1  BANK1       1
                strings                        0007D0  00000D  0007DD       FA0       0  STRING      2
                text7                          0007DD  00001C  0007F9       FBA       0  CODE        2


UNUSED ADDRESS RANGES

        Name                Unused          Largest block    Delta
        BANK0            037-03D             7           1
        BANK1            0C9-0DF            17           1
        CODE             005-007             3           2
                         7F9-7FF             7
        CONFIG           2007-2007             1           2
        CONST            005-007             3           2
                         7F9-7FF             7
        ENTRY            005-007             3           2
                         7F9-7FF             7
        IDLOC            2000-2003             4           2
        RAM              037-03D             7           1
                         0C9-0DF            17
        SFR0             000-00F            10           1
        SFR1             080-08F            10           1
        STACK            0C9-0DF            17           1
        STRCODE          005-007             3           2
                         7F9-7FF             7
        STRING           005-007             3           2
                         7F9-7FF             7

                                  Symbol Table

?___lwdiv                       cstackBANK1  0BC
?___wmul                        cstackBANK0  02F
?_adc_read_vdd                  cstackBANK0  02F
Battery_Update@loop_num         bssBANK1     0B2
Battery_Update@loop_sum         bssBANK1     094
Battery_Update@low_clr_debounce bssBANK1     0B0
Battery_Update@low_debounce     bssBANK1     0B1
Battery_Update@startup_cnt      dataBANK1    0C8
Comm_Process@rx_ok              cstackBANK0  033
Delay_Init@Delay_Duty           cstackBANK0  02F
Delay_Init@i                    cstackBANK0  031
Gear5_Duty_Update@cur_percent   dataBANK0    035
Gear5_Duty_Update@ms_sub        bssBANK1     092
Gear5_Duty_Update@sec_cnt       bssBANK1     090
Kcomm_ISR@bit_wait_fall         bssBANK1     0A8
Key_Application@cur             cstackBANK1  0BE
Key_Application@edge            cstackBANK1  0BD
Key_Application@off_key_prev    bssBANK1     0A9
Key_Func@key1_time1             bssBANK1     0AF
Key_Func@key1_time2             bssBANK1     0AE
Key_Func@key2_time1             bssBANK1     0AD
Key_Func@key2_time2             bssBANK1     0AC
LedMode_Func@breath_cnt         bssBANK0     016
LedMode_Func@breath_dir         dataBANK0    036
LedMode_Func@breath_duty        bssBANK0     017
LedMode_Func@chg_pwm_cnt        bssBANK0     018
PL10                            text12       2D6
PL2                             text12       2D0
PL4                             text4        4B4
PL6                             text25       5AB
PL8                             text26       186
SW_Func@sw_time1                bssBANK1     0AB
SW_Func@sw_time2                bssBANK1     0AA
Sleep_Func@Sleep_Time           bssBANK1     096
Timer1_Isr@pwm_cnt              bssBANK1     0A6
Timer1_Isr@timer_ms             bssBANK1     0A7
_ADCON0                         (abs)        05A
_ADCON1                         (abs)        05B
_ADCS0                          (abs)        2DC
_ADCS1                          (abs)        2DD
_ADCS2                          (abs)        2DE
_ADC_Init                       text7        7DD
_ADEN                           (abs)        2D0
_ADIF                           (abs)        07A
_ADON                           (abs)        2D1
_ADREF                          (abs)        2D8
_ADRESH                         (abs)        059
_ADRESL                         (abs)        058
_ANSEL0                         (abs)        2B0
_ANSEL1                         (abs)        2B1
_ANSEL10                        (abs)        2BA
_ANSEL11                        (abs)        2BB
_ANSEL14                        (abs)        2BE
_ANSEL15                        (abs)        2BF
_ANSEL2                         (abs)        2B2
_ANSEL3                         (abs)        2B3
_ANSEL4                         (abs)        2B4
_ANSEL5                         (abs)        2B5
_ANSEL6                         (abs)        2B6
_ANSEL7                         (abs)        2B7
_ANSEL8                         (abs)        2B8
_ANSEL9                         (abs)        2B9
_ANSELH                         (abs)        057
_ANSELL                         (abs)        056
_BOR                            (abs)        25B
_BOREN                          (abs)        25A
_Battery_Update                 text17       2DC
_CHS0                           (abs)        2D2
_CHS1                           (abs)        2D3
_CHS2                           (abs)        2D4
_CHS3                           (abs)        2D5
_Comm_Process                   text23       6C6
_DIY_Flag1                      bssBANK0     022
_DIY_Flag2                      bssBANK0     021
_Delay_Init                     text22       7A3
_FSR                            (abs)        004
_GIE                            (abs)        077
_Gear5_Duty_Update              text19       4BD
_INDF                           (abs)        000
_INTECON                        (abs)        00E
_INTEDG                         (abs)        20E
_IOCA                           (abs)        007
_IOCB                           (abs)        009
_Kcomm_ISR                      text26       018
_Kcomm_ISR$634                  cstackBANK0  02B
_Key_Application                text12       18C
_Key_Application$619            cstackBANK1  0BC
_Key_Func                       text11       5E8
_LedMode_Func                   text10       394
_MTP_CLEN                       (abs)        201
_OPTION                         (abs)        041
_PAIE                           (abs)        079
_PAIF                           (abs)        078
_PBIE                           (abs)        071
_PBIF                           (abs)        074
_PDA0                           (abs)        210
_PDA1                           (abs)        211
_PDA2                           (abs)        212
_PDA3                           (abs)        213
_PDA4                           (abs)        214
_PDA5                           (abs)        215
_PDA6                           (abs)        216
_PDA7                           (abs)        217
_PDCON                          (abs)        00B
_PDCON1                         (abs)        042
_PHA0                           (abs)        218
_PHA1                           (abs)        219
_PHA2                           (abs)        21A
_PHA3                           (abs)        21B
_PHA4                           (abs)        21C
_PHA5                           (abs)        21D
_PHA6                           (abs)        21E
_PHA7                           (abs)        21F
_PHCON                          (abs)        00D
_PHCON1                         (abs)        043
_PIR                            (abs)        00F
_PMADRH                         (abs)        048
_PMADRL                         (abs)        047
_PMCON                          (abs)        040
_PMDATH                         (abs)        04A
_PMDATL                         (abs)        049
_POR                            (abs)        25C
_PORTA                          (abs)        005
_PORTA1                         (abs)        029
_PORTA2                         (abs)        02A
_PORTA3                         (abs)        02B
_PORTA4                         (abs)        02C
_PORTA6                         (abs)        02E
_PORTA7                         (abs)        02F
_PORTB                          (abs)        006
_PORTB0                         (abs)        030
_PORTB1                         (abs)        031
_PORTB2                         (abs)        032
_PORTB6                         (abs)        036
_PS0                            (abs)        208
_PS1                            (abs)        209
_PS2                            (abs)        20A
_PSA                            (abs)        20B
_PWM0E                          (abs)        266
_PWM0P                          (abs)        04F
_PWM1E                          (abs)        286
_PWM1P                          (abs)        054
_PWM1_8                         (abs)        288
_PWM1_9                         (abs)        289
_PWMM                           (abs)        2A8
_PWMS0                          (abs)        28E
_PWMS1                          (abs)        28F
_PWMSET                         (abs)        055
_RD_FLAG                        (abs)        200
_SCS                            (abs)        285
_SW_Func                        text9        6A1
_Sleep_Func                     text4        44B
_T0                             (abs)        001
_T0CK                           (abs)        25F
_T0CS                           (abs)        20D
_T0IE                           (abs)        070
_T0IF                           (abs)        073
_T0OSCEN                        (abs)        265
_T0SE                           (abs)        20C
_T1                             (abs)        04D
_T1CK0                          (abs)        263
_T1CK1                          (abs)        264
_T1CON                          (abs)        04C
_T1CR_AUXR                      (abs)        04B
_T1EN                           (abs)        267
_T1IE                           (abs)        259
_T1IF                           (abs)        258
_T1LOAD                         (abs)        04E
_T1PR0                          (abs)        260
_T1PR1                          (abs)        261
_T1PR2                          (abs)        262
_T1_PWM_inital                  text3        7B3
_T2                             (abs)        052
_T2CK0                          (abs)        283
_T2CK1                          (abs)        284
_T2CON                          (abs)        050
_T2EN                           (abs)        287
_T2IE                           (abs)        25E
_T2IF                           (abs)        25D
_T2LOAD                         (abs)        053
_T2LOAD_8                       (abs)        28A
_T2LOAD_9                       (abs)        28B
_T2PR0                          (abs)        280
_T2PR1                          (abs)        281
_T2PR2                          (abs)        282
_TIMER2_8                       (abs)        28C
_TIMER2_9                       (abs)        28D
_TMR2H                          (abs)        051
_TRISA                          (abs)        045
_TRISA0                         (abs)        228
_TRISA1                         (abs)        229
_TRISA2                         (abs)        22A
_TRISA3                         (abs)        22B
_TRISA4                         (abs)        22C
_TRISA5                         (abs)        22D
_TRISA6                         (abs)        22E
_TRISA7                         (abs)        22F
_TRISB                          (abs)        046
_TRISB0                         (abs)        230
_TRISB1                         (abs)        231
_TRISB2                         (abs)        232
_TRISB3                         (abs)        233
_TRISB4                         (abs)        234
_TRISB5                         (abs)        235
_TRISB6                         (abs)        236
_TRISB7                         (abs)        237
_Timer1_Isr                     text25       572
_VHS0                           (abs)        2D9
_VHS1                           (abs)        2DA
_VHS2                           (abs)        2DB
_WDTEN                          (abs)        20F
__Habs1                         abs1         000
__Hbank0                        bank0        000
__Hbank1                        bank1        000
__HbssBANK0                     bssBANK0     000
__HbssBANK1                     bssBANK1     000
__Hcinit                        cinit        018
__Hclrtext                      clrtext      000
__Hcode                         code         000
__Hcommon                       common       000
__Hconfig                       config       000
__HcstackBANK0                  cstackBANK0  000
__HcstackBANK1                  cstackBANK1  000
__HcstackCOMMON                 cstackCOMMON 000
__HdataBANK0                    dataBANK0    000
__HdataBANK1                    dataBANK1    000
__Heeprom_data                  eeprom_data  000
__Hend_init                     end_init     016
__Hfunctab                      functab      000
__HidataBANK0                   idataBANK0   000
__HidataBANK1                   idataBANK1   000
__Hidloc                        idloc        000
__Hinit                         init         015
__Hintentry                     intentry     015
__Hmaintext                     maintext     000
__Hpa_nodes0                    pa_nodes0    000
__Hpowerup                      powerup      000
__Hram                          ram          000
__Hreset_vec                    reset_vec    005
__Hsfr0                         sfr0         000
__Hsfr1                         sfr1         000
__Hspace_0                      (abs)        7F9
__Hspace_1                      (abs)        0C9
__Hspace_2                      (abs)        000
__Hspace_3                      (abs)        000
__Hstack                        stack        000
__Hstrings                      strings      000
__Htext                         text         000
__Labs1                         abs1         000
__Lbank0                        bank0        000
__Lbank1                        bank1        000
__LbssBANK0                     bssBANK0     000
__LbssBANK1                     bssBANK1     000
__Lcinit                        cinit        016
__Lclrtext                      clrtext      000
__Lcode                         code         000
__Lcommon                       common       000
__Lconfig                       config       000
__LcstackBANK0                  cstackBANK0  000
__LcstackBANK1                  cstackBANK1  000
__LcstackCOMMON                 cstackCOMMON 000
__LdataBANK0                    dataBANK0    000
__LdataBANK1                    dataBANK1    000
__Leeprom_data                  eeprom_data  000
__Lend_init                     end_init     015
__Lfunctab                      functab      000
__LidataBANK0                   idataBANK0   000
__LidataBANK1                   idataBANK1   000
__Lidloc                        idloc        000
__Linit                         init         015
__Lintentry                     intentry     008
__Lmaintext                     maintext     000
__Lpa_nodes0                    pa_nodes0    000
__Lpowerup                      powerup      000
__Lram                          ram          000
__Lreset_vec                    reset_vec    004
__Lsfr0                         sfr0         000
__Lsfr1                         sfr1         000
__Lspace_0                      (abs)        000
__Lspace_1                      (abs)        000
__Lspace_2                      (abs)        000
__Lspace_3                      (abs)        000
__Lstack                        stack        000
__Lstrings                      strings      000
__Ltext                         text         000
__S0                            (abs)        7F9
__S1                            (abs)        0C9
__S2                            (abs)        000
___int_sp                       stack        000
___latbits                      (abs)        000
___lwdiv                        text21       677
___lwdiv@counter                cstackBANK1  0C0
___lwdiv@dividend               cstackBANK1  0BE
___lwdiv@divisor                cstackBANK1  0BC
___lwdiv@quotient               cstackBANK1  0C1
___sp                           stack        000
___wmul                         text20       73E
___wmul@multiplicand            cstackBANK0  031
___wmul@multiplier              cstackBANK0  02F
___wmul@product                 cstackBANK0  033
__end_ofPL10                    text12       2DC
__end_ofPL2                     text12       2D6
__end_ofPL4                     text4        4BD
__end_ofPL6                     text25       5B1
__end_ofPL8                     text26       18C
__end_of_ADC_Init               text7        7EA
__end_of_Battery_Update         text17       394
__end_of_Comm_Process           text23       6E8
__end_of_Delay_Init             text22       7B3
__end_of_Gear5_Duty_Update      text19       522
__end_of_Kcomm_ISR              text26       186
__end_of_Key_Application        text12       2D0
__end_of_Key_Func               text11       619
__end_of_LedMode_Func           text10       44B
__end_of_SW_Func                text9        6C6
__end_of_Sleep_Func             text4        4B4
__end_of_T1_PWM_inital          text3        7C2
__end_of_Timer1_Isr             text25       5AB
__end_of___lwdiv                text21       6A1
__end_of___wmul                 text20       757
__end_of__initialization        cinit        016
__end_of__stringtab             strings      7D6
__end_of_adc_read_vdd           text18       709
__end_of_c_fan_duty             strings      7DD
__end_of_comm_pack_tx           text27       792
__end_of_comm_parse_rx          text24       724
__end_of_delay_us               text8        73E
__end_of_fan_ramp_proc          text2        572
__end_of_inital                 text6        7D0
__end_of_main                   maintext     5E8
__end_of_ramInitial             text1        7A3
__end_of_set_fan                text16       780
__end_of_show_gear_led          text14       76D
__end_of_sysinitial             text5        649
__end_of_trigger_warn           text15       7F6
__end_of_warn_flash_proc        text13       677
__initialization                cinit        016
__pbssBANK0                     bssBANK0     010
__pbssBANK1                     bssBANK1     090
__pcstackBANK0                  cstackBANK0  028
__pcstackBANK1                  cstackBANK1  0BC
__pcstackCOMMON                 cstackCOMMON 000
__pdataBANK0                    dataBANK0    035
__pdataBANK1                    dataBANK1    0C8
__pidataBANK0                   idataBANK0   7F6
__pidataBANK1                   idataBANK1   7F8
__pintentry                     intentry     008
__pmaintext                     maintext     5B1
__pstrings                      strings      7D0
__ptext1                        text1        792
__ptext10                       text10       394
__ptext11                       text11       5E8
__ptext12                       text12       18C
__ptext13                       text13       649
__ptext14                       text14       757
__ptext15                       text15       7EA
__ptext16                       text16       76D
__ptext17                       text17       2DC
__ptext18                       text18       6E8
__ptext19                       text19       4BD
__ptext2                        text2        522
__ptext20                       text20       73E
__ptext21                       text21       677
__ptext22                       text22       7A3
__ptext23                       text23       6C6
__ptext24                       text24       709
__ptext25                       text25       572
__ptext26                       text26       018
__ptext27                       text27       780
__ptext3                        text3        7B3
__ptext4                        text4        44B
__ptext5                        text5        619
__ptext6                        text6        7C2
__ptext7                        text7        7DD
__ptext8                        text8        724
__ptext9                        text9        6A1
__size_of_ADC_Init              (abs)        000
__size_of_Battery_Update        (abs)        000
__size_of_Comm_Process          (abs)        000
__size_of_Delay_Init            (abs)        000
__size_of_Gear5_Duty_Update     (abs)        000
__size_of_Kcomm_ISR             (abs)        000
__size_of_Key_Application       (abs)        000
__size_of_Key_Func              (abs)        000
__size_of_LedMode_Func          (abs)        000
__size_of_SW_Func               (abs)        000
__size_of_Sleep_Func            (abs)        000
__size_of_T1_PWM_inital         (abs)        000
__size_of_Timer1_Isr            (abs)        000
__size_of___lwdiv               (abs)        000
__size_of___wmul                (abs)        000
__size_of_adc_read_vdd          (abs)        000
__size_of_comm_pack_tx          (abs)        000
__size_of_comm_parse_rx         (abs)        000
__size_of_delay_us              (abs)        000
__size_of_fan_ramp_proc         (abs)        000
__size_of_inital                (abs)        000
__size_of_main                  (abs)        000
__size_of_ramInitial            (abs)        000
__size_of_set_fan               (abs)        000
__size_of_show_gear_led         (abs)        000
__size_of_sysinitial            (abs)        000
__size_of_trigger_warn          (abs)        000
__size_of_warn_flash_proc       (abs)        000
__stringbase                    strings      7D5
__stringtab                     strings      7D0
_adc_read_vdd                   text18       6E8
_adcon1_val                     bssBANK0     023
_c_fan_duty                     strings      7D6
_comm_pack_tx                   text27       780
_comm_parse_rx                  text24       709
_delay_us                       text8        724
_fan_ramp_proc                  text2        522
_g_battery_empty                bssBANK0     01E
_g_current_pwm                  bssBANK0     012
_g_gear                         bssBANK0     020
_g_k1_hold_ms                   bssBANK1     0A0
_g_k1_prev                      bssBANK0     01B
_g_k2_hold_ms                   bssBANK1     09E
_g_k2_prev                      bssBANK0     01A
_g_offshow_ms                   bssBANK1     09C
_g_overclock_pwm                bssBANK1     0B3
_g_pwr_delay_ms                 bssBANK1     09A
_g_slave_alive_ms               bssBANK1     098
_g_target_pwm                   bssBANK0     01F
_g_vdd_adc                      bssBANK0     010
_g_warn_cnt                     bssBANK1     0B4
_g_warn_flash                   bssBANK0     01D
_g_warn_led                     bssBANK0     01C
_inital                         text6        7C2
_kcomm_bit_idx                  bssBANK0     026
_kcomm_cycle                    bssBANK1     0B7
_kcomm_low_cnt                  bssBANK1     0A4
_kcomm_rx_buf                   bssBANK1     0B9
_kcomm_rx_done                  bssBANK0     025
_kcomm_rx_shift                 bssBANK1     0B6
_kcomm_state                    bssBANK0     027
_kcomm_timer                    bssBANK0     014
_kcomm_turn                     bssBANK1     0B8
_kcomm_tx_buf                   bssBANK1     0BB
_kcomm_tx_done                  bssBANK1     0B5
_kcomm_tx_shift                 bssBANK1     0BA
_kcomm_wakeup                   bssBANK0     024
_kcomm_wakeup_cnt               bssBANK1     0A2
_level                          bssBANK0     019
_main                           maintext     5B1
_ramInitial                     text1        792
_set_fan                        text16       76D
_show_gear_led                  text14       757
_sysinitial                     text5        619
_sysinitial$240                 cstackBANK1  0BC
_sysinitial$241                 cstackBANK1  0BE
_sysinitial$242                 cstackBANK1  0C0
_sysinitial$243                 cstackBANK1  0C2
_sysinitial$244                 cstackBANK1  0C4
_sysinitial$245                 cstackBANK1  0C6
_trigger_warn                   text15       7EA
_warn_flash_proc                text13       649
adc_read_vdd@result             cstackBANK0  031
btemp                           (abs)        03E
comm_pack_tx@hi                 cstackBANK0  028
comm_pack_tx@lo                 cstackBANK0  02A
comm_pack_tx@result             cstackBANK0  029
comm_parse_rx@check             cstackBANK0  02F
comm_parse_rx@hi                cstackBANK0  030
comm_parse_rx@lo                cstackBANK0  032
comm_parse_rx@raw               cstackBANK0  031
delay_us@i                      cstackBANK0  031
delay_us@us                     cstackBANK0  02F
end_of_initialization           cinit        016
fan_ramp_proc@target_fixed      cstackBANK0  031
interrupt_function              intentry     008
intlevel0                       functab      000
intlevel1                       functab      000
intlevel2                       functab      000
intlevel3                       functab      000
intlevel4                       functab      000
intlevel5                       functab      000
reset_vec                       reset_vec    004
saved_w                         (abs)        03E
set_fan@gear                    cstackBANK0  02F
show_gear_led@gear              cstackBANK0  02F
stackhi                         (abs)        000
stacklo                         (abs)        000
start                           init         015
start_initialization            cinit        016
trigger_warn@led_num            cstackBANK0  02F
wtemp0                          (abs)        03E
